// Jest Snapshot v1, https://goo.gl/fbAQLP

exports[`Testing snapshot of App Snapshot of App view 1`] = `
<div
  className="App"
>
  <nav
    className="navbar navbar-expand-lg navbar-light bg-light justify-content-between p-2"
  >
    <h1
      className="navbar-brand"
    >
      Magic Calculator
    </h1>
    <ul
      className="navbar-nav"
    >
      <li
        className="nav-item"
      >
        <a
          className="nav-link"
          href="/"
          onClick={[Function]}
        >
          Home
        </a>
      </li>
      <li
        className="nav-item"
      >
        <a
          className="nav-link"
          href="/cal"
          onClick={[Function]}
        >
          Calculator
        </a>
      </li>
      <li
        className="nav-item"
      >
        <a
          className="nav-link"
          href="/quotes"
          onClick={[Function]}
        >
          Quote
        </a>
      </li>
    </ul>
  </nav>
  <div
    className="m-4"
  >
    <h3>
      Welcome to our Page
    </h3>
    <p>
      Justo urna potenti urna massa dignissimnullam sollicitudinduis diampellentesque dignissim ipsumpraesent. Diampellentesque ridiculus suspendisse leo non dictumst pellentesque inceptos maecenas interdum suspendisse molestie. Imperdiet sempellentesque porta euismod mollisfusce tinciduntsed vivamus iaculis diam duis fringilla tortornulla maecenas muspraesent platea. Mus est efficitur arcucurabitur euismod leoetiam cubilia ac dui ex. Class tinciduntsed turpisetiam volutpatvestibulum quis magnased vulputate fermentum utvestibulum arcucurabitur ligulanunc. Neque eratnulla tinciduntsed torquent accumsanpellentesque tincidunt eu mauris arcu mattis aliquam
    </p>
    <p>
      Justo urna potenti urna massa dignissimnullam sollicitudinduis diampellentesque dignissim ipsumpraesent. Diampellentesque ridiculus suspendisse leo non dictumst pellentesque inceptos maecenas interdum suspendisse molestie. Imperdiet sempellentesque porta euismod mollisfusce tinciduntsed vivamus iaculis diam duis fringilla tortornulla maecenas muspraesent platea. Mus est efficitur arcucurabitur euismod leoetiam cubilia ac dui ex. Class tinciduntsed turpisetiam volutpatvestibulum quis magnased vulputate fermentum utvestibulum arcucurabitur ligulanunc. Neque eratnulla tinciduntsed torquent accumsanpellentesque tincidunt eu mauris arcu mattis aliquam
    </p>
  </div>
</div>
`;
